// Jest Snapshot v1, https://goo.gl/fbAQLP

exports[`<Notifications /> Verify no rerender  when props are the same 1`] = `"<div class="NotificationWrapper NotificationWrapperShow_1ooy9ak"><div class="menuItem menuItem_1safghv-o_O-hideDisplay_1u9fru1">Your Notifications</div><div class="Notifications Notifications_1jjprh6"><button aria-label="Close" class="button_1ihva3d"><img src="" alt="Close Icon" style="height:1.3rem;width:1.3rem"/></button><p class="p_nk1a54">Here is the list of notifications</p><ul class="ul_16006h2"><li data-notification-type="default" class="li_tknmp2">New course available</li><li data-notification-type="urgent" class="li_1oy5u8b">New resume available</li><li data-notification-type="urgent" class="li_1oy5u8b">New resume available</li></ul></div></div>"`;

exports[`<Notifications /> Verify rerender when props are different 1`] = `"<div class="NotificationWrapper NotificationWrapperShow_1ooy9ak"><div class="menuItem menuItem_1safghv-o_O-hideDisplay_1u9fru1">Your Notifications</div><div class="Notifications Notifications_1jjprh6"><button aria-label="Close" class="button_1ihva3d"><img src="" alt="Close Icon" style="height:1.3rem;width:1.3rem"/></button><p class="p_nk1a54">Here is the list of notifications</p><ul class="ul_16006h2"><li data-notification-type="default" class="li_tknmp2">New course available</li><li data-notification-type="urgent" class="li_1oy5u8b">New resume available</li><li data-notification-type="urgent" class="li_1oy5u8b">New resume available</li></ul></div></div>"`;
